{
    "cellmeasurement - basic functionality": {
        "content": [
            {
                "0": [
                    [
                        {
                            "id": [
                                "analyse_samplesheet.csv:md5,bf995bff1feac8b4fc2b4f46e7ae5b08"
                            ]
                        },
                        "test.geojson:md5,775b8fe1e8bd8252b390691fd0fefff4"
                    ]
                ],
                "1": [
                    "versions.yml:md5,911b2db92c964303bac36ad611f832a8"
                ],
                "annotations": [
                    [
                        {
                            "id": [
                                "analyse_samplesheet.csv:md5,bf995bff1feac8b4fc2b4f46e7ae5b08"
                            ]
                        },
                        "test.geojson:md5,775b8fe1e8bd8252b390691fd0fefff4"
                    ]
                ],
                "versions": [
                    "versions.yml:md5,911b2db92c964303bac36ad611f832a8"
                ]
            }
        ],
        "meta": {
            "nf-test": "0.9.2",
            "nextflow": "25.04.4"
        },
        "timestamp": "2025-07-09T11:20:58.086962155"
    },
    "cellmeasurement - with cell expansion and skip measurements": {
        "content": [
            {
                "0": [
                    [
                        {
                            "id": "test_expansion"
                        },
                        "test_expansion.geojson:md5,d0d6433dbc4118045bb0111d4e66b816"
                    ]
                ],
                "1": [
                    "versions.yml:md5,911b2db92c964303bac36ad611f832a8"
                ],
                "annotations": [
                    [
                        {
                            "id": "test_expansion"
                        },
                        "test_expansion.geojson:md5,d0d6433dbc4118045bb0111d4e66b816"
                    ]
                ],
                "versions": [
                    "versions.yml:md5,911b2db92c964303bac36ad611f832a8"
                ]
            }
        ],
        "meta": {
            "nf-test": "0.9.2",
            "nextflow": "25.04.4"
        },
        "timestamp": "2025-07-02T16:14:05.984289374"
    },
    "cellmeasurement - stub": {
        "content": [
            {
                "0": [
                    [
                        {
                            "id": "test_stub"
                        },
                        "test_stub.geojson:md5,d41d8cd98f00b204e9800998ecf8427e"
                    ]
                ],
                "1": [
                    "versions.yml:md5,911b2db92c964303bac36ad611f832a8"
                ],
                "annotations": [
                    [
                        {
                            "id": "test_stub"
                        },
                        "test_stub.geojson:md5,d41d8cd98f00b204e9800998ecf8427e"
                    ]
                ],
                "versions": [
                    "versions.yml:md5,911b2db92c964303bac36ad611f832a8"
                ]
            }
        ],
        "meta": {
            "nf-test": "0.9.2",
            "nextflow": "25.04.4"
        },
        "timestamp": "2025-07-02T13:00:16.806661896"
    },
    "cellmeasurement - skip measurements": {
        "content": [
            {
                "0": [
                    [
                        {
                            "id": "test_expansion"
                        },
                        "test_expansion.geojson:md5,5517147da4081e48cc2c5d6761c5d48a"
                    ]
                ],
                "1": [
                    "versions.yml:md5,911b2db92c964303bac36ad611f832a8"
                ],
                "annotations": [
                    [
                        {
                            "id": "test_expansion"
                        },
                        "test_expansion.geojson:md5,5517147da4081e48cc2c5d6761c5d48a"
                    ]
                ],
                "versions": [
                    "versions.yml:md5,911b2db92c964303bac36ad611f832a8"
                ]
            }
        ],
        "meta": {
            "nf-test": "0.9.2",
            "nextflow": "25.04.4"
        },
        "timestamp": "2025-07-09T11:21:45.769311282"
    }
}